// Jest Snapshot v1, https://goo.gl/fbAQLP

exports[`blink component component should render correctly 1`] = `
<span
  className="blink"
>
  blinker text
</span>
`;
